[12:28:47] [ServerMain/INFO]: Environment: Environment[sessionHost=https://sessionserver.mojang.com, servicesHost=https://api.minecraftservices.com, profilesHost=https://api.mojang.com, name=PROD]
[12:28:49] [ServerMain/INFO]: Loaded 1515 recipes
[12:28:49] [ServerMain/INFO]: Loaded 1617 advancements
[12:28:49] [Server thread/INFO]: Starting minecraft server version 26.1
[12:28:49] [Server thread/INFO]: Loading properties
[12:28:49] [Server thread/INFO]: Default game type: SURVIVAL
[12:28:49] [Server thread/INFO]: Generating keypair
[12:28:49] [Server thread/INFO]: Starting Minecraft server on *:25565
[12:28:49] [Server thread/WARN]: **** SERVER IS RUNNING IN OFFLINE/INSECURE MODE!
[12:28:49] [Server thread/WARN]: The server will make no attempt to authenticate usernames. Beware.
[12:28:49] [Server thread/WARN]: While this makes the game possible to play without internet access, it also opens up the ability for hackers to connect with any username they choose.
[12:28:49] [Server thread/WARN]: To change this, set "online-mode" to "true" in the server.properties file.
[12:28:49] [Server thread/INFO]: Preparing level "world"
[12:28:49] [Server thread/INFO]: Loading 0 persistent chunks...
[12:28:49] [Server thread/INFO]: Preparing spawn area: 100%
[12:28:49] [Server thread/INFO]: Time elapsed: 11 ms
[12:28:49] [Server thread/INFO]: Done (0.331s)! For help, type "help"
[12:28:49] [Server thread/INFO]: Saving chunks for level 'ServerLevel[world]'/minecraft:overworld
[12:28:49] [Server thread/INFO]: Saving chunks for level 'ServerLevel[world]'/minecraft:the_nether
[12:28:49] [Server thread/INFO]: Saving chunks for level 'ServerLevel[world]'/minecraft:the_end
[12:28:49] [Server thread/INFO]: ThreadedAnvilChunkStorage (world): All chunks are saved
[12:28:49] [Server thread/INFO]: ThreadedAnvilChunkStorage (DIM-1): All chunks are saved
[12:28:49] [Server thread/INFO]: ThreadedAnvilChunkStorage (DIM1): All chunks are saved
[12:28:49] [Server thread/INFO]: ThreadedAnvilChunkStorage: All dimensions are saved
[12:28:57] [Server thread/INFO]: Recorder26[/127.0.0.1:60666] logged in with entity id 37 at (8.5, 77.0, 9.5)
[12:28:57] [Server thread/INFO]: Recorder26 joined the game
[12:28:57] [Server thread/INFO]: Recorder26 lost connection: Disconnected
[12:28:57] [Server thread/INFO]: Recorder26 left the game
[12:30:01] [Server thread/INFO]: Server empty for 60 seconds, pausing
